{
  "source": "https://raw.githubusercontent.com/apache/parquet-testing/master/data/geospatial/geospatial-with-nan.parquet",
  "filesize": 1111,
  "column_chunks": [
    {
      "path_in_schema": "group",
      "start_offset": 4,
      "total_byte_size": 76,
      "codec": 0,
      "num_values": 3,
      "data_pages": [
        {
          "page_type": 0,
          "start_offset": 30,
          "header_size": 41,
          "compressed_page_size": 9,
          "uncompressed_page_size": 9,
          "crc": null,
          "num_values": 3,
          "encoding": 8,
          "definition_level_encoding": 3,
          "repetition_level_encoding": 3,
          "statistics": {
            "min_value": null,
            "max_value": null,
            "null_count": 0,
            "distinct_count": null
          }
        }
      ],
      "index_pages": [],
      "dictionary_page": {
        "page_type": 2,
        "start_offset": 4,
        "header_size": 14,
        "compressed_page_size": 12,
        "uncompressed_page_size": 12,
        "crc": null,
        "num_values": 1,
        "encoding": 0,
        "is_sorted": false
      },
      "page_index": null,
      "row_group": 0
    },
    {
      "path_in_schema": "wkt",
      "start_offset": 80,
      "total_byte_size": 257,
      "codec": 0,
      "num_values": 3,
      "data_pages": [
        {
          "page_type": 0,
          "start_offset": 216,
          "header_size": 111,
          "compressed_page_size": 10,
          "uncompressed_page_size": 10,
          "crc": null,
          "num_values": 3,
          "encoding": 8,
          "definition_level_encoding": 3,
          "repetition_level_encoding": 3,
          "statistics": {
            "min_value": null,
            "max_value": null,
            "null_count": 0,
            "distinct_count": null
          }
        }
      ],
      "index_pages": [],
      "dictionary_page": {
        "page_type": 2,
        "start_offset": 80,
        "header_size": 16,
        "compressed_page_size": 120,
        "uncompressed_page_size": 120,
        "crc": null,
        "num_values": 3,
        "encoding": 0,
        "is_sorted": false
      },
      "page_index": null,
      "row_group": 0
    },
    {
      "path_in_schema": "geometry",
      "start_offset": 337,
      "total_byte_size": 236,
      "codec": 0,
      "num_values": 3,
      "data_pages": [
        {
          "page_type": 0,
          "start_offset": 544,
          "header_size": 19,
          "compressed_page_size": 10,
          "uncompressed_page_size": 10,
          "crc": null,
          "num_values": 3,
          "encoding": 8,
          "definition_level_encoding": 3,
          "repetition_level_encoding": 3,
          "statistics": {
            "min_value": null,
            "max_value": null,
            "null_count": null,
            "distinct_count": null
          }
        }
      ],
      "index_pages": [],
      "dictionary_page": {
        "page_type": 2,
        "start_offset": 337,
        "header_size": 16,
        "compressed_page_size": 191,
        "uncompressed_page_size": 191,
        "crc": null,
        "num_values": 3,
        "encoding": 0,
        "is_sorted": false
      },
      "page_index": null,
      "row_group": 0
    }
  ],
  "metadata": {
    "start_offset": 573,
    "total_byte_size": 530,
    "metadata": {
      "version": 2,
      "schema_root": {
        "element_type": "root",
        "name": "schema",
        "start_offset": 577,
        "byte_length": 13,
        "num_children": 3,
        "children": {
          "group": {
            "element_type": "column",
            "name": "group",
            "start_offset": 590,
            "byte_length": 18,
            "type": 6,
            "repetition": 1,
            "converted_type": 0,
            "type_length": null,
            "scale": null,
            "precision": null,
            "field_id": 10,
            "logical_type": {
              "logical_type": 1
            },
            "definition_level": 1,
            "repetition_level": 0
          },
          "wkt": {
            "element_type": "column",
            "name": "wkt",
            "start_offset": 608,
            "byte_length": 16,
            "type": 6,
            "repetition": 1,
            "converted_type": 0,
            "type_length": null,
            "scale": null,
            "precision": null,
            "field_id": 10,
            "logical_type": {
              "logical_type": 1
            },
            "definition_level": 1,
            "repetition_level": 0
          },
          "geometry": {
            "element_type": "column",
            "name": "geometry",
            "start_offset": 624,
            "byte_length": 20,
            "type": 6,
            "repetition": 1,
            "converted_type": null,
            "type_length": null,
            "scale": null,
            "precision": null,
            "field_id": 10,
            "logical_type": {
              "logical_type": 17
            },
            "definition_level": 1,
            "repetition_level": 0
          }
        }
      },
      "row_groups": [
        {
          "column_chunks": {
            "group": {
              "file_offset": 0,
              "metadata": {
                "type": 6,
                "encodings": [
                  0,
                  3,
                  8
                ],
                "path_in_schema": "group",
                "codec": 0,
                "num_values": 3,
                "total_uncompressed_size": 76,
                "total_compressed_size": 76,
                "data_page_offset": 30,
                "start_offset": 653,
                "byte_length": 80,
                "dictionary_page_offset": 4,
                "index_page_offset": null,
                "statistics": {
                  "min_value": null,
                  "max_value": null,
                  "null_count": 0,
                  "distinct_count": null
                },
                "column_index_offset": null,
                "column_index_length": null,
                "column_index": null,
                "offset_index": null
              },
              "file_path": null
            },
            "wkt": {
              "file_offset": 0,
              "metadata": {
                "type": 6,
                "encodings": [
                  0,
                  3,
                  8
                ],
                "path_in_schema": "wkt",
                "codec": 0,
                "num_values": 3,
                "total_uncompressed_size": 257,
                "total_compressed_size": 257,
                "data_page_offset": 216,
                "start_offset": 737,
                "byte_length": 151,
                "dictionary_page_offset": 80,
                "index_page_offset": null,
                "statistics": {
                  "min_value": null,
                  "max_value": null,
                  "null_count": 0,
                  "distinct_count": null
                },
                "column_index_offset": null,
                "column_index_length": null,
                "column_index": null,
                "offset_index": null
              },
              "file_path": null
            },
            "geometry": {
              "file_offset": 0,
              "metadata": {
                "type": 6,
                "encodings": [
                  0,
                  3,
                  8
                ],
                "path_in_schema": "geometry",
                "codec": 0,
                "num_values": 3,
                "total_uncompressed_size": 236,
                "total_compressed_size": 236,
                "data_page_offset": 544,
                "start_offset": 892,
                "byte_length": 144,
                "dictionary_page_offset": 337,
                "index_page_offset": null,
                "statistics": null,
                "column_index_offset": null,
                "column_index_length": null,
                "column_index": null,
                "offset_index": null
              },
              "file_path": null
            }
          },
          "total_byte_size": 569,
          "row_count": 3,
          "start_offset": 648,
          "byte_length": 400,
          "compression_stats": {
            "total_compressed": 569,
            "total_uncompressed": 569,
            "ratio": 1.0,
            "space_saved_percent": 0.0,
            "compressed_mb": 0.0005426406860351562,
            "uncompressed_mb": 0.0005426406860351562
          }
        }
      ],
      "created_by": "parquet-cpp-arrow version 20.0.0-SNAPSHOT",
      "key_value_metadata": [],
      "compression_stats": {
        "total_compressed": 569,
        "total_uncompressed": 569,
        "ratio": 1.0,
        "space_saved_percent": 0.0,
        "compressed_mb": 0.0005426406860351562,
        "uncompressed_mb": 0.0005426406860351562
      },
      "column_count": 3,
      "row_count": 3,
      "row_group_count": 1
    }
  },
  "magic_header": "PAR1",
  "magic_footer": "PAR1",
  "_meta": {
    "format_version": 0
  }
}