{
  "source": "https://raw.githubusercontent.com/apache/parquet-testing/master/data/datapage_v1-snappy-compressed-checksum.parquet",
  "filesize": 3380,
  "column_chunks": [
    {
      "path_in_schema": "a",
      "start_offset": 4,
      "total_byte_size": 1523,
      "codec": 1,
      "num_values": 5120,
      "data_pages": [
        {
          "page_type": 0,
          "start_offset": 4,
          "header_size": 26,
          "compressed_page_size": 735,
          "uncompressed_page_size": 10240,
          "crc": -42322992,
          "num_values": 2560,
          "encoding": 0,
          "definition_level_encoding": 3,
          "repetition_level_encoding": 3,
          "statistics": null
        },
        {
          "page_type": 0,
          "start_offset": 765,
          "header_size": 27,
          "compressed_page_size": 735,
          "uncompressed_page_size": 10240,
          "crc": -924317436,
          "num_values": 2560,
          "encoding": 0,
          "definition_level_encoding": 3,
          "repetition_level_encoding": 3,
          "statistics": null
        }
      ],
      "index_pages": [],
      "dictionary_page": null,
      "page_index": null,
      "row_group": 0
    },
    {
      "path_in_schema": "b",
      "start_offset": 1527,
      "total_byte_size": 1524,
      "codec": 1,
      "num_values": 5120,
      "data_pages": [
        {
          "page_type": 0,
          "start_offset": 1527,
          "header_size": 27,
          "compressed_page_size": 735,
          "uncompressed_page_size": 10240,
          "crc": 1381097659,
          "num_values": 2560,
          "encoding": 0,
          "definition_level_encoding": 3,
          "repetition_level_encoding": 3,
          "statistics": null
        },
        {
          "page_type": 0,
          "start_offset": 2289,
          "header_size": 27,
          "compressed_page_size": 735,
          "uncompressed_page_size": 10240,
          "crc": -628948462,
          "num_values": 2560,
          "encoding": 0,
          "definition_level_encoding": 3,
          "repetition_level_encoding": 3,
          "statistics": null
        }
      ],
      "index_pages": [],
      "dictionary_page": null,
      "page_index": null,
      "row_group": 0
    }
  ],
  "metadata": {
    "start_offset": 3132,
    "total_byte_size": 240,
    "metadata": {
      "version": 1,
      "schema_root": {
        "element_type": "root",
        "name": "m",
        "start_offset": 3136,
        "byte_length": 6,
        "num_children": 2,
        "children": {
          "a": {
            "element_type": "column",
            "name": "a",
            "start_offset": 3142,
            "byte_length": 8,
            "type": 1,
            "repetition": 0,
            "converted_type": null,
            "type_length": null,
            "scale": null,
            "precision": null,
            "field_id": 4,
            "logical_type": null,
            "definition_level": 0,
            "repetition_level": 0
          },
          "b": {
            "element_type": "column",
            "name": "b",
            "start_offset": 3150,
            "byte_length": 8,
            "type": 1,
            "repetition": 0,
            "converted_type": null,
            "type_length": null,
            "scale": null,
            "precision": null,
            "field_id": 4,
            "logical_type": null,
            "definition_level": 0,
            "repetition_level": 0
          }
        }
      },
      "row_groups": [
        {
          "column_chunks": {
            "a": {
              "file_offset": 4,
              "metadata": {
                "type": 1,
                "encodings": [
                  3,
                  0
                ],
                "path_in_schema": "a",
                "codec": 1,
                "num_values": 5120,
                "total_uncompressed_size": 20533,
                "total_compressed_size": 1523,
                "data_page_offset": 4,
                "start_offset": 3168,
                "byte_length": 34,
                "dictionary_page_offset": null,
                "index_page_offset": null,
                "statistics": null,
                "column_index_offset": null,
                "column_index_length": null,
                "column_index": null,
                "offset_index": null
              },
              "file_path": null
            },
            "b": {
              "file_offset": 1527,
              "metadata": {
                "type": 1,
                "encodings": [
                  3,
                  0
                ],
                "path_in_schema": "b",
                "codec": 1,
                "num_values": 5120,
                "total_uncompressed_size": 20534,
                "total_compressed_size": 1524,
                "data_page_offset": 1527,
                "start_offset": 3217,
                "byte_length": 35,
                "dictionary_page_offset": null,
                "index_page_offset": null,
                "statistics": null,
                "column_index_offset": null,
                "column_index_length": null,
                "column_index": null,
                "offset_index": null
              },
              "file_path": null
            }
          },
          "total_byte_size": 41067,
          "row_count": 5120,
          "start_offset": 3163,
          "byte_length": 115,
          "compression_stats": {
            "total_compressed": 3047,
            "total_uncompressed": 41067,
            "ratio": 0.07419582633257847,
            "space_saved_percent": 92.58041736674215,
            "compressed_mb": 0.0029058456420898438,
            "uncompressed_mb": 0.03916454315185547
          }
        }
      ],
      "created_by": "parquet-mr version 1.13.0-SNAPSHOT (build 019361e0da0677360788f0ad96c520fb8c296d7d)",
      "key_value_metadata": [],
      "compression_stats": {
        "total_compressed": 3047,
        "total_uncompressed": 41067,
        "ratio": 0.07419582633257847,
        "space_saved_percent": 92.58041736674215,
        "compressed_mb": 0.0029058456420898438,
        "uncompressed_mb": 0.03916454315185547
      },
      "column_count": 2,
      "row_count": 5120,
      "row_group_count": 1
    }
  },
  "magic_header": "PAR1",
  "magic_footer": "PAR1",
  "_meta": {
    "format_version": 0
  }
}