{
  "source": "https://raw.githubusercontent.com/apache/parquet-testing/master/data/data_index_bloom_encoding_stats.parquet",
  "filesize": 1643,
  "column_chunks": [
    {
      "path_in_schema": "String",
      "start_offset": 4,
      "total_byte_size": 152,
      "codec": 2,
      "num_values": 14,
      "data_pages": [
        {
          "page_type": 0,
          "start_offset": 4,
          "header_size": 25,
          "compressed_page_size": 127,
          "uncompressed_page_size": 138,
          "crc": -779741599,
          "num_values": 14,
          "encoding": 0,
          "definition_level_encoding": 3,
          "repetition_level_encoding": 4,
          "statistics": null
        }
      ],
      "index_pages": [],
      "dictionary_page": null,
      "page_index": {
        "column_index_offset": 192,
        "column_index_length": 17,
        "column_index": {
          "null_pages": [],
          "min_values": [],
          "max_values": [],
          "boundary_order": 0,
          "null_counts": null,
          "repetition_level_histograms": null,
          "definition_level_histograms": null
        },
        "offset_index": {
          "page_locations": [],
          "unencoded_byte_array_data_bytes": null
        }
      },
      "row_group": 0
    }
  ],
  "metadata": {
    "start_offset": 1232,
    "total_byte_size": 403,
    "metadata": {
      "version": 1,
      "schema_root": {
        "element_type": "root",
        "name": "data",
        "start_offset": 1236,
        "byte_length": 9,
        "num_children": 1,
        "children": {
          "String": {
            "element_type": "column",
            "name": "String",
            "start_offset": 1245,
            "byte_length": 19,
            "type": 6,
            "repetition": 1,
            "converted_type": 0,
            "type_length": null,
            "scale": null,
            "precision": null,
            "field_id": 10,
            "logical_type": {
              "logical_type": 1
            },
            "definition_level": 1,
            "repetition_level": 0
          }
        }
      },
      "row_groups": [
        {
          "column_chunks": {
            "String": {
              "file_offset": 4,
              "metadata": {
                "type": 6,
                "encodings": [
                  4,
                  3,
                  0
                ],
                "path_in_schema": "String",
                "codec": 2,
                "num_values": 14,
                "total_uncompressed_size": 163,
                "total_compressed_size": 152,
                "data_page_offset": 4,
                "start_offset": 1273,
                "byte_length": 59,
                "dictionary_page_offset": null,
                "index_page_offset": null,
                "statistics": {
                  "min_value": null,
                  "max_value": null,
                  "null_count": 0,
                  "distinct_count": null
                },
                "column_index_offset": 192,
                "column_index_length": null,
                "column_index": null,
                "offset_index": null
              },
              "file_path": null
            }
          },
          "total_byte_size": 163,
          "row_count": 14,
          "start_offset": 1268,
          "byte_length": 88,
          "compression_stats": {
            "total_compressed": 152,
            "total_uncompressed": 163,
            "ratio": 0.9325153374233128,
            "space_saved_percent": 6.748466257668717,
            "compressed_mb": 0.00014495849609375,
            "uncompressed_mb": 0.00015544891357421875
          }
        }
      ],
      "created_by": "parquet-mr version 1.13.0-SNAPSHOT (build 7398d9b522733c669d497c25495c9efa1c860994)",
      "key_value_metadata": [
        {
          "start_offset": 1358,
          "byte_length": 160,
          "key": "parquet.avro.schema",
          "value": "{\"type\":\"record\",\"name\":\"data\",\"fields\":[{\"name\":\"String\",\"type\":[\"null\",\"string\"],\"doc\":\"Type inferred from 'Hello'\",\"default\":null}]}"
        },
        {
          "start_offset": 1518,
          "byte_length": 26,
          "key": "writer.model.name",
          "value": "avro"
        }
      ],
      "compression_stats": {
        "total_compressed": 152,
        "total_uncompressed": 163,
        "ratio": 0.9325153374233128,
        "space_saved_percent": 6.748466257668717,
        "compressed_mb": 0.00014495849609375,
        "uncompressed_mb": 0.00015544891357421875
      },
      "column_count": 1,
      "row_count": 14,
      "row_group_count": 1
    }
  },
  "magic_header": "PAR1",
  "magic_footer": "PAR1",
  "_meta": {
    "format_version": 0
  }
}