{
  "source": "https://raw.githubusercontent.com/apache/parquet-testing/master/data/float16_zeros_and_nans.parquet",
  "filesize": 489,
  "column_chunks": [
    {
      "path_in_schema": "x",
      "start_offset": 4,
      "total_byte_size": 64,
      "codec": 0,
      "num_values": 3,
      "data_pages": [
        {
          "page_type": 0,
          "start_offset": 22,
          "header_size": 37,
          "compressed_page_size": 9,
          "uncompressed_page_size": 9,
          "crc": null,
          "num_values": 3,
          "encoding": 8,
          "definition_level_encoding": 3,
          "repetition_level_encoding": 3,
          "statistics": {
            "min_value": "0x0000",
            "max_value": "0x0080",
            "null_count": 1,
            "distinct_count": null
          }
        }
      ],
      "index_pages": [],
      "dictionary_page": {
        "page_type": 2,
        "start_offset": 4,
        "header_size": 14,
        "compressed_page_size": 4,
        "uncompressed_page_size": 4,
        "crc": null,
        "num_values": 2,
        "encoding": 0,
        "is_sorted": false
      },
      "page_index": null,
      "row_group": 0
    }
  ],
  "metadata": {
    "start_offset": 135,
    "total_byte_size": 346,
    "metadata": {
      "version": 2,
      "schema_root": {
        "element_type": "root",
        "name": "schema",
        "start_offset": 139,
        "byte_length": 13,
        "num_children": 1,
        "children": {
          "x": {
            "element_type": "column",
            "name": "x",
            "start_offset": 152,
            "byte_length": 14,
            "type": 7,
            "repetition": 1,
            "converted_type": null,
            "type_length": 2,
            "scale": null,
            "precision": null,
            "field_id": 10,
            "logical_type": {
              "logical_type": 15
            },
            "definition_level": 1,
            "repetition_level": 0
          }
        }
      },
      "row_groups": [
        {
          "column_chunks": {
            "x": {
              "file_offset": 68,
              "metadata": {
                "type": 7,
                "encodings": [
                  0,
                  3,
                  8
                ],
                "path_in_schema": "x",
                "codec": 0,
                "num_values": 3,
                "total_uncompressed_size": 64,
                "total_compressed_size": 64,
                "data_page_offset": 22,
                "start_offset": 176,
                "byte_length": 62,
                "dictionary_page_offset": 4,
                "index_page_offset": null,
                "statistics": {
                  "min_value": "0x0000",
                  "max_value": "0x0080",
                  "null_count": 1,
                  "distinct_count": null
                },
                "column_index_offset": null,
                "column_index_length": null,
                "column_index": null,
                "offset_index": null
              },
              "file_path": null
            }
          },
          "total_byte_size": 64,
          "row_count": 3,
          "start_offset": 170,
          "byte_length": 82,
          "compression_stats": {
            "total_compressed": 64,
            "total_uncompressed": 64,
            "ratio": 1.0,
            "space_saved_percent": 0.0,
            "compressed_mb": 6.103515625e-05,
            "uncompressed_mb": 6.103515625e-05
          }
        }
      ],
      "created_by": "parquet-cpp-arrow version 15.0.0-SNAPSHOT",
      "key_value_metadata": [
        {
          "start_offset": 254,
          "byte_length": 178,
          "key": "ARROW:schema",
          "value": "/////3AAAAAQAAAAAAAKAAwABgAFAAgACgAAAAABBAAMAAAACAAIAAAABAAIAAAABAAAAAEAAAAUAAAAEAAUAAgABgAHAAwAAAAQABAAAAAAAAEDEAAAABgAAAAEAAAAAAAAAAEAAAB4AAAABAAEAAQAAAAAAAAA"
        }
      ],
      "compression_stats": {
        "total_compressed": 64,
        "total_uncompressed": 64,
        "ratio": 1.0,
        "space_saved_percent": 0.0,
        "compressed_mb": 6.103515625e-05,
        "uncompressed_mb": 6.103515625e-05
      },
      "column_count": 1,
      "row_count": 3,
      "row_group_count": 1
    }
  },
  "magic_header": "PAR1",
  "magic_footer": "PAR1",
  "_meta": {
    "format_version": 0
  }
}