{
  "source": "https://raw.githubusercontent.com/apache/parquet-testing/master/data/nan_in_stats.parquet",
  "filesize": 329,
  "column_chunks": [
    {
      "path_in_schema": "x",
      "start_offset": 4,
      "total_byte_size": 84,
      "codec": 1,
      "num_values": 2,
      "data_pages": [
        {
          "page_type": 0,
          "start_offset": 36,
          "header_size": 41,
          "compressed_page_size": 11,
          "uncompressed_page_size": 9,
          "crc": null,
          "num_values": 2,
          "encoding": 2,
          "definition_level_encoding": 3,
          "repetition_level_encoding": 3,
          "statistics": {
            "min_value": null,
            "max_value": 1.0,
            "null_count": 0,
            "distinct_count": null
          }
        }
      ],
      "index_pages": [],
      "dictionary_page": {
        "page_type": 2,
        "start_offset": 4,
        "header_size": 14,
        "compressed_page_size": 18,
        "uncompressed_page_size": 16,
        "crc": null,
        "num_values": 2,
        "encoding": 2,
        "is_sorted": false
      },
      "page_index": null,
      "row_group": 0
    }
  ],
  "metadata": {
    "start_offset": 165,
    "total_byte_size": 156,
    "metadata": {
      "version": 1,
      "schema_root": {
        "element_type": "root",
        "name": "schema",
        "start_offset": 169,
        "byte_length": 13,
        "num_children": 1,
        "children": {
          "x": {
            "element_type": "column",
            "name": "x",
            "start_offset": 182,
            "byte_length": 8,
            "type": 5,
            "repetition": 1,
            "converted_type": null,
            "type_length": null,
            "scale": null,
            "precision": null,
            "field_id": 4,
            "logical_type": null,
            "definition_level": 1,
            "repetition_level": 0
          }
        }
      },
      "row_groups": [
        {
          "column_chunks": {
            "x": {
              "file_offset": 88,
              "metadata": {
                "type": 5,
                "encodings": [
                  2,
                  0,
                  3
                ],
                "path_in_schema": "x",
                "codec": 1,
                "num_values": 2,
                "total_uncompressed_size": 80,
                "total_compressed_size": 84,
                "data_page_offset": 36,
                "start_offset": 200,
                "byte_length": 72,
                "dictionary_page_offset": 4,
                "index_page_offset": 0,
                "statistics": {
                  "min_value": null,
                  "max_value": 1.0,
                  "null_count": 0,
                  "distinct_count": null
                },
                "column_index_offset": null,
                "column_index_length": null,
                "column_index": null,
                "offset_index": null
              },
              "file_path": null
            }
          },
          "total_byte_size": 84,
          "row_count": 2,
          "start_offset": 194,
          "byte_length": 85,
          "compression_stats": {
            "total_compressed": 84,
            "total_uncompressed": 80,
            "ratio": 1.05,
            "space_saved_percent": -5.000000000000004,
            "compressed_mb": 8.0108642578125e-05,
            "uncompressed_mb": 7.62939453125e-05
          }
        }
      ],
      "created_by": "parquet-cpp version 1.3.2-SNAPSHOT",
      "key_value_metadata": [],
      "compression_stats": {
        "total_compressed": 84,
        "total_uncompressed": 80,
        "ratio": 1.05,
        "space_saved_percent": -5.000000000000004,
        "compressed_mb": 8.0108642578125e-05,
        "uncompressed_mb": 7.62939453125e-05
      },
      "column_count": 1,
      "row_count": 2,
      "row_group_count": 1
    }
  },
  "magic_header": "PAR1",
  "magic_footer": "PAR1",
  "_meta": {
    "format_version": 0
  }
}