{
  "source": "https://raw.githubusercontent.com/apache/parquet-testing/master/data/plain-dict-uncompressed-checksum.parquet",
  "filesize": 816,
  "column_chunks": [
    {
      "path_in_schema": "long_field",
      "start_offset": 4,
      "total_byte_size": 54,
      "codec": 0,
      "num_values": 1000,
      "data_pages": [
        {
          "page_type": 0,
          "start_offset": 31,
          "header_size": 24,
          "compressed_page_size": 3,
          "uncompressed_page_size": 3,
          "crc": -289013348,
          "num_values": 1000,
          "encoding": 2,
          "definition_level_encoding": 4,
          "repetition_level_encoding": 4,
          "statistics": null
        }
      ],
      "index_pages": [],
      "dictionary_page": {
        "page_type": 2,
        "start_offset": 4,
        "header_size": 19,
        "compressed_page_size": 8,
        "uncompressed_page_size": 8,
        "crc": 1696784233,
        "num_values": 1,
        "encoding": 2,
        "is_sorted": false
      },
      "page_index": null,
      "row_group": 0
    },
    {
      "path_in_schema": "binary_field",
      "start_offset": 58,
      "total_byte_size": 86,
      "codec": 0,
      "num_values": 1000,
      "data_pages": [
        {
          "page_type": 0,
          "start_offset": 117,
          "header_size": 24,
          "compressed_page_size": 3,
          "uncompressed_page_size": 3,
          "crc": -289013348,
          "num_values": 1000,
          "encoding": 2,
          "definition_level_encoding": 4,
          "repetition_level_encoding": 4,
          "statistics": null
        }
      ],
      "index_pages": [],
      "dictionary_page": {
        "page_type": 2,
        "start_offset": 58,
        "header_size": 19,
        "compressed_page_size": 40,
        "uncompressed_page_size": 40,
        "crc": -661583709,
        "num_values": 1,
        "encoding": 2,
        "is_sorted": false
      },
      "page_index": null,
      "row_group": 0
    }
  ],
  "metadata": {
    "start_offset": 283,
    "total_byte_size": 525,
    "metadata": {
      "version": 1,
      "schema_root": {
        "element_type": "root",
        "name": "m",
        "start_offset": 287,
        "byte_length": 6,
        "num_children": 2,
        "children": {
          "long_field": {
            "element_type": "column",
            "name": "long_field",
            "start_offset": 293,
            "byte_length": 17,
            "type": 2,
            "repetition": 0,
            "converted_type": null,
            "type_length": null,
            "scale": null,
            "precision": null,
            "field_id": 4,
            "logical_type": null
          },
          "binary_field": {
            "element_type": "column",
            "name": "binary_field",
            "start_offset": 310,
            "byte_length": 19,
            "type": 6,
            "repetition": 0,
            "converted_type": null,
            "type_length": null,
            "scale": null,
            "precision": null,
            "field_id": 4,
            "logical_type": null
          }
        }
      },
      "row_groups": [
        {
          "column_chunks": {
            "long_field": {
              "file_offset": 31,
              "metadata": {
                "type": 2,
                "encodings": [
                  2,
                  4
                ],
                "path_in_schema": "long_field",
                "codec": 0,
                "num_values": 1000,
                "total_uncompressed_size": 54,
                "total_compressed_size": 54,
                "data_page_offset": 31,
                "start_offset": 339,
                "byte_length": 93,
                "dictionary_page_offset": 4,
                "index_page_offset": null,
                "statistics": {
                  "min_value": 0,
                  "max_value": 0,
                  "null_count": 0,
                  "distinct_count": null
                },
                "column_index_offset": null,
                "column_index_length": null,
                "column_index": null,
                "offset_index": null
              },
              "file_path": null
            },
            "binary_field": {
              "file_offset": 117,
              "metadata": {
                "type": 6,
                "encodings": [
                  2,
                  4
                ],
                "path_in_schema": "binary_field",
                "codec": 0,
                "num_values": 1000,
                "total_uncompressed_size": 86,
                "total_compressed_size": 86,
                "data_page_offset": 117,
                "start_offset": 447,
                "byte_length": 210,
                "dictionary_page_offset": 58,
                "index_page_offset": null,
                "statistics": {
                  "min_value": "a655fd0e-9949-4059-bcae-fd6a002a4652",
                  "max_value": "a655fd0e-9949-4059-bcae-fd6a002a4652",
                  "null_count": 0,
                  "distinct_count": null
                },
                "column_index_offset": null,
                "column_index_length": null,
                "column_index": null,
                "offset_index": null
              },
              "file_path": null
            }
          },
          "total_byte_size": 140,
          "row_count": 1000,
          "start_offset": 334,
          "byte_length": 349,
          "compression_stats": {
            "total_compressed": 140,
            "total_uncompressed": 140,
            "ratio": 1.0,
            "space_saved_percent": 0.0,
            "compressed_mb": 0.000133514404296875,
            "uncompressed_mb": 0.000133514404296875
          }
        }
      ],
      "created_by": "parquet-mr version 1.13.0-SNAPSHOT (build 261f7d2679407c833545b56f4c85a4ae8b5c9ed4)",
      "key_value_metadata": [
        {
          "start_offset": 685,
          "byte_length": 29,
          "key": "writer.model.name",
          "value": "example"
        }
      ],
      "compression_stats": {
        "total_compressed": 140,
        "total_uncompressed": 140,
        "ratio": 1.0,
        "space_saved_percent": 0.0,
        "compressed_mb": 0.000133514404296875,
        "uncompressed_mb": 0.000133514404296875
      },
      "column_count": 2,
      "row_count": 1000,
      "row_group_count": 1
    }
  },
  "magic_header": "PAR1",
  "magic_footer": "PAR1",
  "_meta": {
    "format_version": 0
  }
}