[
  [
    4,
    5,
    6,
    7,
    2,
    3,
    0,
    1
  ],
  [
    true,
    false,
    true,
    false,
    true,
    false,
    true,
    false
  ],
  [
    0,
    1,
    0,
    1,
    0,
    1,
    0,
    1
  ],
  [
    0,
    1,
    0,
    1,
    0,
    1,
    0,
    1
  ],
  [
    0,
    1,
    0,
    1,
    0,
    1,
    0,
    1
  ],
  [
    0,
    10,
    0,
    10,
    0,
    10,
    0,
    10
  ],
  [
    0.0,
    1.100000023841858,
    0.0,
    1.100000023841858,
    0.0,
    1.100000023841858,
    0.0,
    1.100000023841858
  ],
  [
    0.0,
    10.1,
    0.0,
    10.1,
    0.0,
    10.1,
    0.0,
    10.1
  ],
  [
    "03/01/09",
    "03/01/09",
    "04/01/09",
    "04/01/09",
    "02/01/09",
    "02/01/09",
    "01/01/09",
    "01/01/09"
  ],
  [
    "0",
    "1",
    "0",
    "1",
    "0",
    "1",
    "0",
    "1"
  ],
  [
    45284764452596988585705472,
    45284764452597048585705472,
    45285336301663273581805568,
    45285336301663333581805568,
    45284247943762924718260224,
    45284247943762984718260224,
    45283676094696639722160128,
    45283676094696699722160128
  ]
]