[
  [
    "Blart Versenwald III",
    "Alice Johnson",
    "Bob Smith",
    "Charlie Brown",
    "Diana Prince",
    "Edward Norton",
    "Fiona Apple",
    "George Lucas",
    "Helen Keller",
    "Ivan Drago",
    "Julia Roberts",
    "Kevin Bacon"
  ],
  [
    "Blart Versenwald III",
    "Alice Johnson",
    "Bob Smith",
    "Charlie Brown",
    "Diana Prince",
    "Edward Norton",
    "Fiona Apple",
    "George Lucas",
    "Helen Keller",
    "Ivan Drago",
    "Julia Roberts",
    "Kevin Bacon"
  ],
  [
    "Blart Versenwald III",
    "Alice Johnson",
    "Bob Smith",
    "Charlie Brown",
    "Diana Prince",
    "Edward Norton",
    "Fiona Apple",
    "George Lucas",
    "Helen Keller",
    "Ivan Drago",
    "Julia Roberts",
    "\ud83d\ude80Kevin Bacon"
  ],
  [
    "Blart Versenwald III",
    "Alice Johnson",
    "Bob Smith",
    "Charlie Brown",
    "Diana Prince",
    "Edward Norton",
    "Fiona Apple",
    "George Lucas",
    "Helen Keller",
    "Ivan Drago",
    "Julia Roberts",
    "*-*-*-||por-que_base64_encoded||-*-*-*>//8BAg=="
  ],
  [
    "Blart Versenwald III",
    "Al",
    "Bob Smith",
    "Charlie Brown",
    "Diana Prince",
    "Edward Norton",
    "Fiona Apple",
    "George Lucas",
    "Helen Keller",
    "Ivan Drago",
    "Julia Roberts",
    "Ke"
  ],
  [
    "Blart Versenwald III",
    "Al",
    "Bob Smith",
    "Charlie Brown",
    "Diana Prince",
    "Edward Norton",
    "Fiona Apple",
    "George Lucas",
    "Helen Keller",
    "Ivan Drago",
    "Julia Roberts",
    "Ke"
  ]
]