[
  [
    "Hello",
    "This is",
    "a",
    "test",
    "How",
    "are you",
    "doing ",
    "today",
    "the quick",
    "brown fox",
    "jumps",
    "over",
    "the lazy",
    "dog"
  ]
]