[
  [
    null,
    "\u0003\u000f\u0000"
  ],
  [
    null,
    "\u0003\u000f\u0000"
  ]
]