[
  [
    [
      0,
      1,
      2,
      3
    ],
    null,
    [
      4
    ],
    [
      5,
      6,
      7,
      8
    ]
  ],
  [
    [
      "foo",
      "zero",
      "one",
      "two"
    ],
    [
      "three"
    ],
    [
      "four"
    ],
    [
      "five",
      "six",
      "seven",
      "eight"
    ]
  ],
  [
    [
      0,
      1,
      2,
      3
    ],
    null,
    [
      4
    ],
    [
      5,
      6,
      7,
      8
    ]
  ],
  [
    [
      "foo",
      "zero",
      "one",
      "two"
    ],
    [
      "three"
    ],
    [
      "four"
    ],
    [
      "five",
      "six",
      "seven",
      "eight"
    ]
  ]
]