[
  [
    null,
    2,
    1
  ],
  [
    "a",
    "b",
    "c"
  ],
  [
    null,
    2,
    1
  ],
  [
    "a",
    "b",
    "c"
  ]
]