[
  [
    "known string 1",
    "known string 2",
    "known string 3"
  ],
  [
    "unknown string 1",
    "unknown string 2",
    "unknown string 3"
  ]
]